
genev@LAPTOP-EK4PP0KK MINGW64 ~/Desktop/JAVA/javascript/modern javascript from the begining/REACT_Nodejs_CRUD (master)
$ npm init
This utility will walk you through creating a package.json file.
It only covers the most common items, and tries to guess sensible defaults.

See `npm help json` for definitive documentation on these fields
and exactly what they do.

Use `npm install <pkg>` afterwards to install a package and
save it as a dependency in the package.json file.

Press ^C at any time to quit.
package name: (react_nodejs_crud)
version: (1.0.0)
description: Creating a CRUD uaing React and Nodejs and Mongo DB.
entry point: (index.js)
test command:
git repository:
keywords:
author:
license: (ISC)
About to write to C:\Users\genev\Desktop\JAVA\javascript\modern javascript from the begining\REACT_Nodejs_CRUD\package.json:

{
  "name": "react_nodejs_crud",
  "version": "1.0.0",
  "description": "Creating a CRUD uaing React and Nodejs and Mongo DB.",
  "main": "index.js",
  "scripts": {
    "test": "echo \"Error: no test specified\" && exit 1"
  },
  "author": "",
  "license": "ISC"
}


Is this OK? (yes)

genev@LAPTOP-EK4PP0KK MINGW64 ~/Desktop/JAVA/javascript/modern javascript from the begining/REACT_Nodejs_CRUD (master)
$ npm i -s express mongoose body-parser cors
+ express@4.17.1
+ body-parser@1.19.0
+ cors@2.8.5
+ mongoose@5.12.2
added 83 packages from 126 contributors and audited 84 packages in 20.177s

1 package is looking for funding
  run `npm fund` for details

found 0 vulnerabilities


genev@LAPTOP-EK4PP0KK MINGW64 ~/Desktop/JAVA/javascript/modern javascript from the begining/REACT_Nodejs_CRUD (master)
$ nodemon REACT_Nodejs_CRUD
bash: nodemon: command not found

genev@LAPTOP-EK4PP0KK MINGW64 ~/Desktop/JAVA/javascript/modern javascript from the begining/REACT_Nodejs_CRUD (master)
$ node REACT_Nodejs_CRUD
internal/modules/cjs/loader.js:985
  throw err;
  ^

Error: Cannot find module 'C:\Users\genev\Desktop\JAVA\javascript\modern javascript from the begining\REACT_Nodejs_CRUD\REACT_Nodejs_CRUD'
←[90m    at Function.Module._resolveFilename (internal/modules/cjs/loader.js:982:15)←[39m
←[90m    at Function.Module._load (internal/modules/cjs/loader.js:864:27)←[39m
←[90m    at Function.executeUserEntryPoint [as runMain] (internal/modules/run_main.js:74:12)←[39m
←[90m    at internal/main/run_main_module.js:18:47←[39m {
  code: ←[32m'MODULE_NOT_FOUND'←[39m,
  requireStack: []
}

genev@LAPTOP-EK4PP0KK MINGW64 ~/Desktop/JAVA/javascript/modern javascript from the begining/REACT_Nodejs_CRUD (master)
$ node db.js
Mongodb connection succeeded.

genev@LAPTOP-EK4PP0KK MINGW64 ~/Desktop/JAVA/javascript/modern javascript from the begining/REACT_Nodejs_CRUD (master)
$ nodemon db.js
bash: nodemon: command not found

genev@LAPTOP-EK4PP0KK MINGW64 ~/Desktop/JAVA/javascript/modern javascript from the begining/REACT_Nodejs_CRUD (master)
$ nodemon db.js
bash: nodemon: command not found

genev@LAPTOP-EK4PP0KK MINGW64 ~/Desktop/JAVA/javascript/modern javascript from the begining/REACT_Nodejs_CRUD (master)
$ npm i nodemon

> nodemon@2.0.7 postinstall C:\Users\genev\Desktop\JAVA\javascript\modern javascript from the begining\REACT_Nodejs_CRUD\node_modules\nodemon
> node bin/postinstall || exit 0

Love nodemon? You can now support the project via the open collective:
 > https://opencollective.com/nodemon/donate

npm WARN optional SKIPPING OPTIONAL DEPENDENCY: fsevents@~2.3.1 (node_modules\chokidar\node_modules\fsevents):
npm WARN notsup SKIPPING OPTIONAL DEPENDENCY: Unsupported platform for fsevents@2.3.2: wanted {"os":"darwin","arch":"any"} (current: {"os":"win32","arch":"x64"})
npm WARN react_nodejs_crud@1.0.0 No repository field.

+ nodemon@2.0.7
added 116 packages from 53 contributors and audited 200 packages in 24.207s

12 packages are looking for funding
  run `npm fund` for details

found 0 vulnerabilities


genev@LAPTOP-EK4PP0KK MINGW64 ~/Desktop/JAVA/javascript/modern javascript from the begining/REACT_Nodejs_CRUD (master)
$ nodemon db.js
bash: nodemon: command not found

genev@LAPTOP-EK4PP0KK MINGW64 ~/Desktop/JAVA/javascript/modern javascript from the begining/REACT_Nodejs_CRUD (master)
$ npm nodemon React_Nodejs_CRUD

Usage: npm <command>

where <command> is one of:
    access, adduser, audit, bin, bugs, c, cache, ci, cit,  
    clean-install, clean-install-test, completion, config, 
    create, ddp, dedupe, deprecate, dist-tag, docs, doctor,
    edit, explore, fund, get, help, help-search, hook, i, init,
    install, install-ci-test, install-test, it, link, list, ln,
    login, logout, ls, org, outdated, owner, pack, ping, prefix,
    profile, prune, publish, rb, rebuild, repo, restart, root,
    run, run-script, s, se, search, set, shrinkwrap, star,
    stars, start, stop, t, team, test, token, tst, un,
    uninstall, unpublish, unstar, up, update, v, version, view,
    whoami

npm <command> -h  quick help on <command>
npm -l            display full usage info
npm help <term>   search for help on <term>
npm help npm      involved overview

Specify configs in the ini-formatted file:
    C:\Users\genev\.npmrc
or on the command line via: npm <command> --key value
Config info can be viewed via: npm help config

npm@6.13.4 C:\Program Files\nodejs\node_modules\npm


genev@LAPTOP-EK4PP0KK MINGW64 ~/Desktop/JAVA/javascript/modern javascript from the begining/REACT_Nodejs_CRUD (master)
$ npx nodemon server
[nodemon] 2.0.7
[nodemon] to restart at any time, enter `rs`
[nodemon] watching path(s): *.*
[nodemon] watching extensions: js,mjs,json
[nodemon] starting `node server index.js`
internal/modules/cjs/loader.js:985
  throw err;
  ^

Error: Cannot find module './controllers/postMessageController'
Require stack:
- C:\Users\genev\Desktop\JAVA\javascript\modern javascript from the begining\REACT_Nodejs_CRUD\index.js        
    at Function.Module._resolveFilename (internal/modules/cjs/loader.js:982:15)
    at Function.Module._load (internal/modules/cjs/loader.js:864:27)
    at Module.require (internal/modules/cjs/loader.js:1044:19)
    at require (internal/modules/cjs/helpers.js:77:18)
    at Object.<anonymous> (C:\Users\genev\Desktop\JAVA\javascript\modern javascript from the begining\REACT_Nodejs_CRUD\index.js:6:25)
    at Module._compile (internal/modules/cjs/loader.js:1158:30)
    at Object.Module._extensions..js (internal/modules/cjs/loader.js:1178:10)
    at Module.load (internal/modules/cjs/loader.js:1002:32)
    at Function.Module._load (internal/modules/cjs/loader.js:901:14)
    at Function.executeUserEntryPoint [as runMain] (internal/modules/run_main.js:74:12)
    at internal/main/run_main_module.js:18:47 {
  code: 'MODULE_NOT_FOUND',
  requireStack: [
    'C:\\Users\\genev\\Desktop\\JAVA\\javascript\\modern javascript from the begining\\REACT_Nodejs_CRUD\\index.js'
  ]
}
[nodemon] app crashed - waiting for file changes before starting...
[nodemon] restarting due to changes...
[nodemon] starting `node server index.js`
Server started at : 4000
Mongodb connection succeeded.
[nodemon] restarting due to changes...
[nodemon] restarting due to changes...
[nodemon] starting `node server index.js`
Server started at : 4000
Mongodb connection succeeded.
[nodemon] restarting due to changes...
[nodemon] starting `node server index.js`
Server started at : 4000
Mongodb connection succeeded.
[nodemon] restarting due to changes...
[nodemon] restarting due to changes...
[nodemon] starting `node server index.js`
Server started at : 4000
Mongodb connection succeeded.
[nodemon] restarting due to changes...
[nodemon] starting `node server index.js`
Server started at : 4000
Mongodb connection succeeded.
[nodemon] restarting due to changes...
[nodemon] restarting due to changes...
[nodemon] starting `node server index.js`
C:\Users\genev\Desktop\JAVA\javascript\modern javascript from the begining\REACT_Nodejs_CRUD\index.js:13
app.use('/postMessages',postMessageRoutes)
                        ^

ReferenceError: postMessageRoutes is not defined
    at Object.<anonymous> (C:\Users\genev\Desktop\JAVA\javascript\modern javascript from the begining\REACT_Nodejs_CRUD\index.js:13:25)
    at Module._compile (internal/modules/cjs/loader.js:1158:30)
    at Object.Module._extensions..js (internal/modules/cjs/loader.js:1178:10)
    at Module.load (internal/modules/cjs/loader.js:1002:32)
    at Function.Module._load (internal/modules/cjs/loader.js:901:14)
    at Function.executeUserEntryPoint [as runMain] (internal/modules/run_main.js:74:12)
    at internal/main/run_main_module.js:18:47
[nodemon] app crashed - waiting for file changes before starting...
[nodemon] restarting due to changes...
[nodemon] starting `node server index.js`
C:\Users\genev\Desktop\JAVA\javascript\modern javascript from the begining\REACT_Nodejs_CRUD\controllers\postMessageController.js:56
model.exports = router
^

ReferenceError: model is not defined
    at Object.<anonymous> (C:\Users\genev\Desktop\JAVA\javascript\modern javascript from the begining\REACT_Nodejs_CRUD\controllers\postMessageController.js:56:1)
    at Module._compile (internal/modules/cjs/loader.js:1158:30)
    at Object.Module._extensions..js (internal/modules/cjs/loader.js:1178:10)
    at Module.load (internal/modules/cjs/loader.js:1002:32)
    at Function.Module._load (internal/modules/cjs/loader.js:901:14)
    at Module.require (internal/modules/cjs/loader.js:1044:19)
    at require (internal/modules/cjs/helpers.js:77:18)
    at Object.<anonymous> (C:\Users\genev\Desktop\JAVA\javascript\modern javascript from the begining\REACT_Nodejs_CRUD\index.js:6:25)
    at Module._compile (internal/modules/cjs/loader.js:1158:30)
    at Object.Module._extensions..js (internal/modules/cjs/loader.js:1178:10)
    at Module.load (internal/modules/cjs/loader.js:1002:32)
    at Function.Module._load (internal/modules/cjs/loader.js:901:14)
    at Function.executeUserEntryPoint [as runMain] (internal/modules/run_main.js:74:12)
    at internal/main/run_main_module.js:18:47
[nodemon] app crashed - waiting for file changes before starting...